--------------------------------------------------------------------------------------
Timing Analyzer Summary
--------------------------------------------------------------------------------------

Type           : Worst-case tsu
Slack          : N/A
Required Time  : None
Actual Time    : 5.620 ns
From           : alu_out[7]
To             : ywljsc[6]$latch
From Clock     : --
To Clock       : fbus
Failed Paths   : 0

Type           : Worst-case tco
Slack          : N/A
Required Time  : None
Actual Time    : 15.445 ns
From           : ywljsc[1]$latch
To             : ywljsc[1]
From Clock     : flbus
To Clock       : --
Failed Paths   : 0

Type           : Worst-case th
Slack          : N/A
Required Time  : None
Actual Time    : 1.453 ns
From           : flbus
To             : ywljsc[0]$latch
From Clock     : --
To Clock       : flbus
Failed Paths   : 0

Type           : Total number of failed paths
Slack          : 
Required Time  : 
Actual Time    : 
From           : 
To             : 
From Clock     : 
To Clock       : 
Failed Paths   : 0

--------------------------------------------------------------------------------------

