--------------------------------------------------------------------------------------
Timing Analyzer Summary
--------------------------------------------------------------------------------------

Type           : Worst-case tsu
Slack          : N/A
Required Time  : None
Actual Time    : 10.240 ns
From           : madd[14]
To             : x_out[2]$latch
From Clock     : --
To Clock       : madd[1]
Failed Paths   : 0

Type           : Worst-case tco
Slack          : N/A
Required Time  : None
Actual Time    : 21.094 ns
From           : x_out[0]$latch
To             : x_out[0]
From Clock     : madd[14]
To Clock       : --
Failed Paths   : 0

Type           : Worst-case th
Slack          : N/A
Required Time  : None
Actual Time    : 7.107 ns
From           : madd[13]
To             : x_out[7]$latch
From Clock     : --
To Clock       : madd[14]
Failed Paths   : 0

Type           : Total number of failed paths
Slack          : 
Required Time  : 
Actual Time    : 
From           : 
To             : 
From Clock     : 
To Clock       : 
Failed Paths   : 0

--------------------------------------------------------------------------------------

