--------------------------------------------------------------------------------------
Timing Analyzer Summary
--------------------------------------------------------------------------------------

Type           : Worst-case tco
Slack          : N/A
Required Time  : None
Actual Time    : 21.488 ns
From           : lpm_ram_io:inst7|altram:sram|altsyncram:ram_block|altsyncram_c591:auto_generated|ram_block1a6~porta_address_reg7
To             : ywljsc[2]
From Clock     : clk
To Clock       : --
Failed Paths   : 0

Type           : Clock Setup: 'clk'
Slack          : N/A
Required Time  : None
Actual Time    : 150.15 MHz ( period = 6.660 ns )
From           : lpm_ram_io:inst7|altram:sram|altsyncram:ram_block|altsyncram_c591:auto_generated|ram_block1a6~porta_address_reg7
To             : lpm_ram_io:inst7|altram:sram|altsyncram:ram_block|altsyncram_c591:auto_generated|ram_block1a6~porta_datain_reg2
From Clock     : clk
To Clock       : clk
Failed Paths   : 0

Type           : Total number of failed paths
Slack          : 
Required Time  : 
Actual Time    : 
From           : 
To             : 
From Clock     : 
To Clock       : 
Failed Paths   : 0

--------------------------------------------------------------------------------------

